
> vite_react_shadcn_ts@0.0.0 build
> vite build

node.exe : 'vite' is 
not recognized as an 
internal or external 
command,
At C:\Program Files\n
odejs\npm.ps1:29 
char:3
+   & $NODE_EXE 
$NPM_CLI_JS $args
+   ~~~~~~~~~~~~~~~~~
~~~~~~~~~~~~
    + CategoryInfo   
           : NotSpe  
  cified: ('vite'    
 is not r...terna    
l command,:Strin    
g) [], RemoteExc    
eption
    + FullyQualified 
   ErrorId : Native  
  CommandError
 
operable program or 
batch file.
